[2026-09-18 17:25:28,377][timm.models._builder][INFO] - Loading pretrained weights from Hugging Face hub (timm/convnext_tiny.fb_in22k_ft_in1k_384)
[2026-09-18 17:25:28,470][httpx][INFO] - HTTP Request: HEAD https://huggingface.co/timm/convnext_tiny.fb_in22k_ft_in1k_384/resolve/main/model.safetensors "HTTP/1.1 302 Found"
[2026-09-18 17:25:28,527][httpx][INFO] - HTTP Request: GET https://huggingface.co/api/models/timm/convnext_tiny.fb_in22k_ft_in1k_384/xet-read-token/32c741ba106f9e062174ef829354a16719c3dcac "HTTP/1.1 200 OK"
[2026-09-18 17:25:30,569][timm.models._hub][INFO] - [timm/convnext_tiny.fb_in22k_ft_in1k_384] Safe alternative available for 'pytorch_model.bin' (as 'model.safetensors'). Loading weights using safetensors.
[2026-09-18 17:25:30,605][melanoma.train.run][INFO] - data_config del backbone: {'input_size': (3, 384, 384), 'interpolation': 'bicubic', 'mean': (0.485, 0.456, 0.406), 'std': (0.229, 0.224, 0.225), 'crop_pct': 1.0, 'crop_mode': 'squash'}
[2026-09-18 17:25:31,020][melanoma.train.run][INFO] - corrida convnext_tiny-384-s0-e153979: train 22501 neg / 410 pos, pos_weight=54.88, sampler=none
[2026-09-18 17:25:45,448][melanoma.train.run][INFO] - calentamiento OK: lote 32 × 384 px, pico 5.71 GB de 14.56 GB (Tesla T4)
[2026-09-18 17:25:45,588][melanoma.train.run][WARNING] - WANDB_API_KEY no está definida; W&B corre en modo offline
[2026-09-18 17:31:29,233][melanoma.train.callbacks][INFO] - época 0: 5.6 min, espera de datos 44 %, GPU 98 %
[2026-09-18 17:36:57,132][melanoma.train.callbacks][INFO] - época 1: 5.4 min, espera de datos 46 %, GPU 99 %
[2026-09-18 17:42:24,437][melanoma.train.callbacks][INFO] - época 2: 5.4 min, espera de datos 46 %, GPU 98 %
[2026-09-18 17:47:49,268][melanoma.train.callbacks][INFO] - época 3: 5.4 min, espera de datos 46 %, GPU 99 %
[2026-09-18 17:53:15,389][melanoma.train.callbacks][INFO] - época 4: 5.4 min, espera de datos 46 %, GPU 99 %
[2026-09-18 17:58:41,041][melanoma.train.callbacks][INFO] - época 5: 5.4 min, espera de datos 46 %, GPU 99 %
[2026-09-18 18:04:04,240][melanoma.train.callbacks][INFO] - época 6: 5.4 min, espera de datos 46 %, GPU 98 %
[2026-09-18 18:09:29,371][melanoma.train.callbacks][INFO] - época 7: 5.4 min, espera de datos 46 %, GPU 99 %
[2026-09-18 18:14:52,456][melanoma.train.callbacks][INFO] - época 8: 5.4 min, espera de datos 46 %, GPU 99 %
[2026-09-18 18:20:14,715][melanoma.train.callbacks][INFO] - época 9: 5.4 min, espera de datos 46 %, GPU 99 %
[2026-09-18 18:25:37,710][melanoma.train.callbacks][INFO] - época 10: 5.4 min, espera de datos 46 %, GPU 99 %
[2026-09-18 18:30:58,701][melanoma.train.callbacks][INFO] - época 11: 5.3 min, espera de datos 46 %, GPU 99 %
[2026-09-18 18:36:21,356][melanoma.train.callbacks][INFO] - época 12: 5.4 min, espera de datos 46 %, GPU 99 %
[2026-09-18 18:41:42,640][melanoma.train.callbacks][INFO] - época 13: 5.4 min, espera de datos 46 %, GPU 99 %
[2026-09-18 18:47:03,867][melanoma.train.callbacks][INFO] - época 14: 5.4 min, espera de datos 46 %, GPU 98 %
