[2026-09-18 18:57:46,345][timm.models._builder][INFO] - Loading pretrained weights from Hugging Face hub (timm/convnext_tiny.fb_in22k_ft_in1k_384)
[2026-09-18 18:57:46,524][httpx][INFO] - HTTP Request: HEAD https://huggingface.co/timm/convnext_tiny.fb_in22k_ft_in1k_384/resolve/main/model.safetensors "HTTP/1.1 302 Found"
[2026-09-18 18:57:46,670][httpx][INFO] - HTTP Request: GET https://huggingface.co/api/models/timm/convnext_tiny.fb_in22k_ft_in1k_384/xet-read-token/32c741ba106f9e062174ef829354a16719c3dcac "HTTP/1.1 200 OK"
[2026-09-18 18:57:48,913][timm.models._hub][INFO] - [timm/convnext_tiny.fb_in22k_ft_in1k_384] Safe alternative available for 'pytorch_model.bin' (as 'model.safetensors'). Loading weights using safetensors.
[2026-09-18 18:57:48,954][melanoma.train.run][INFO] - data_config del backbone: {'input_size': (3, 384, 384), 'interpolation': 'bicubic', 'mean': (0.485, 0.456, 0.406), 'std': (0.229, 0.224, 0.225), 'crop_pct': 1.0, 'crop_mode': 'squash'}
[2026-09-18 18:57:49,383][melanoma.train.run][INFO] - corrida convnext_tiny-384-s2-e153979: train 22501 neg / 410 pos, pos_weight=54.88, sampler=none
[2026-09-18 18:58:03,487][melanoma.train.run][INFO] - calentamiento OK: lote 32 × 384 px, pico 5.71 GB de 14.56 GB (Tesla T4)
[2026-09-18 18:58:03,632][melanoma.train.run][WARNING] - WANDB_API_KEY no está definida; W&B corre en modo offline
[2026-09-18 19:04:37,467][melanoma.train.callbacks][INFO] - época 0: 6.5 min, espera de datos 45 %, GPU 99 %
[2026-09-18 19:11:03,338][melanoma.train.callbacks][INFO] - época 1: 6.4 min, espera de datos 47 %, GPU 98 %
[2026-09-18 19:17:26,423][melanoma.train.callbacks][INFO] - época 2: 6.4 min, espera de datos 46 %, GPU 98 %
[2026-09-18 19:23:49,442][melanoma.train.callbacks][INFO] - época 3: 6.4 min, espera de datos 47 %, GPU 99 %
[2026-09-18 19:30:09,706][melanoma.train.callbacks][INFO] - época 4: 6.3 min, espera de datos 46 %, GPU 99 %
[2026-09-18 19:36:29,083][melanoma.train.callbacks][INFO] - época 5: 6.3 min, espera de datos 46 %, GPU 99 %
[2026-09-18 19:42:48,812][melanoma.train.callbacks][INFO] - época 6: 6.3 min, espera de datos 46 %, GPU 98 %
[2026-09-18 19:49:06,785][melanoma.train.callbacks][INFO] - época 7: 6.3 min, espera de datos 46 %, GPU 98 %
[2026-09-18 19:55:24,146][melanoma.train.callbacks][INFO] - época 8: 6.3 min, espera de datos 46 %, GPU 99 %
[2026-09-18 20:01:37,682][melanoma.train.callbacks][INFO] - época 9: 6.2 min, espera de datos 46 %, GPU 99 %
[2026-09-18 20:07:50,327][melanoma.train.callbacks][INFO] - época 10: 6.2 min, espera de datos 46 %, GPU 99 %
[2026-09-18 20:13:59,416][melanoma.train.callbacks][INFO] - época 11: 6.2 min, espera de datos 46 %, GPU 98 %
[2026-09-18 20:20:07,177][melanoma.train.callbacks][INFO] - época 12: 6.1 min, espera de datos 46 %, GPU 99 %
[2026-09-18 20:26:14,706][melanoma.train.callbacks][INFO] - época 13: 6.1 min, espera de datos 46 %, GPU 99 %
[2026-09-18 20:32:22,139][melanoma.train.callbacks][INFO] - época 14: 6.1 min, espera de datos 46 %, GPU 98 %
