[2026-09-18 17:25:40,126][timm.models._builder][INFO] - Loading pretrained weights from Hugging Face hub (timm/tf_efficientnetv2_s.in21k_ft_in1k)
[2026-09-18 17:25:40,297][httpx][INFO] - HTTP Request: HEAD https://huggingface.co/timm/tf_efficientnetv2_s.in21k_ft_in1k/resolve/main/model.safetensors "HTTP/1.1 302 Found"
[2026-09-18 17:25:40,298][huggingface_hub.utils._http][WARNING] - Warning: You are sending unauthenticated requests to the HF Hub. Please set a HF_TOKEN to enable higher rate limits and faster downloads.
[2026-09-18 17:25:40,416][httpx][INFO] - HTTP Request: GET https://huggingface.co/api/models/timm/tf_efficientnetv2_s.in21k_ft_in1k/xet-read-token/ea9abc143ea2b9d8e1ec1de277bce02149b9cf0e "HTTP/1.1 200 OK"
[2026-09-18 17:25:43,458][timm.models._hub][INFO] - [timm/tf_efficientnetv2_s.in21k_ft_in1k] Safe alternative available for 'pytorch_model.bin' (as 'model.safetensors'). Loading weights using safetensors.
[2026-09-18 17:25:43,527][melanoma.train.run][INFO] - data_config del backbone: {'input_size': (3, 300, 300), 'interpolation': 'bicubic', 'mean': (0.5, 0.5, 0.5), 'std': (0.5, 0.5, 0.5), 'crop_pct': 1.0, 'crop_mode': 'center'}
[2026-09-18 17:25:44,045][melanoma.train.run][INFO] - corrida tf_efficientnetv2_s-224-s1-e153979: train 22501 neg / 410 pos, pos_weight=54.88, sampler=none
[2026-09-18 17:25:52,938][melanoma.train.run][INFO] - calentamiento OK: lote 128 × 224 px, pico 9.47 GB de 14.56 GB (Tesla T4)
[2026-09-18 17:25:53,271][melanoma.train.run][WARNING] - WANDB_API_KEY no está definida; W&B corre en modo offline
[2026-09-18 17:28:18,848][melanoma.train.callbacks][INFO] - época 0: 2.3 min, espera de datos 0 %, GPU 100 %
[2026-09-18 17:30:36,553][melanoma.train.callbacks][INFO] - época 1: 2.3 min, espera de datos 0 %, GPU 100 %
[2026-09-18 17:32:54,218][melanoma.train.callbacks][INFO] - época 2: 2.3 min, espera de datos 0 %, GPU 100 %
[2026-09-18 17:35:12,039][melanoma.train.callbacks][INFO] - época 3: 2.3 min, espera de datos 0 %, GPU 100 %
[2026-09-18 17:37:29,356][melanoma.train.callbacks][INFO] - época 4: 2.3 min, espera de datos 0 %, GPU 100 %
[2026-09-18 17:39:46,581][melanoma.train.callbacks][INFO] - época 5: 2.3 min, espera de datos 0 %, GPU 100 %
[2026-09-18 17:42:02,718][melanoma.train.callbacks][INFO] - época 6: 2.3 min, espera de datos 0 %, GPU 100 %
[2026-09-18 17:44:19,184][melanoma.train.callbacks][INFO] - época 7: 2.3 min, espera de datos 0 %, GPU 99 %
[2026-09-18 17:46:36,855][melanoma.train.callbacks][INFO] - época 8: 2.3 min, espera de datos 0 %, GPU 100 %
[2026-09-18 17:48:54,410][melanoma.train.callbacks][INFO] - época 9: 2.3 min, espera de datos 0 %, GPU 100 %
[2026-09-18 17:51:10,376][melanoma.train.callbacks][INFO] - época 10: 2.3 min, espera de datos 0 %, GPU 94 %
[2026-09-18 17:53:26,521][melanoma.train.callbacks][INFO] - época 11: 2.3 min, espera de datos 0 %, GPU 100 %
[2026-09-18 17:55:42,680][melanoma.train.callbacks][INFO] - época 12: 2.3 min, espera de datos 0 %, GPU 100 %
[2026-09-18 17:57:59,007][melanoma.train.callbacks][INFO] - época 13: 2.3 min, espera de datos 0 %, GPU 100 %
