0.00s - Debugger warning: It seems that frozen modules are being used, which may
0.00s - make the debugger miss breakpoints. Please pass -Xfrozen_modules=off
0.00s - to python to disable frozen modules.
0.00s - Note: Debugging will proceed. Set PYDEVD_DISABLE_FILE_VALIDATION=1 to disable this validation.
0.00s - Debugger warning: It seems that frozen modules are being used, which may
0.00s - make the debugger miss breakpoints. Please pass -Xfrozen_modules=off
0.00s - to python to disable frozen modules.
0.00s - Note: Debugging will proceed. Set PYDEVD_DISABLE_FILE_VALIDATION=1 to disable this validation.
commit e153979
     ━━━━━━━━━━━━━━━━━━━━━━━━━━━━━━━━━━━━━━━━ 45.0/45.0 kB 1.4 MB/s eta 0:00:00
     ━━━━━━━━━━━━━━━━━━━━━━━━━━━━━━━━━━━━━━━━ 45.0/45.0 kB 1.4 MB/s eta 0:00:00
   ━━━━━━━━━━━━━━━━━━━━━━━━━━━━━━━━━━━━━━━━ 168.8/168.8 kB 5.7 MB/s eta 0:00:00
   ━━━━━━━━━━━━━━━━━━━━━━━━━━━━━━━━━━━━━━━━ 849.3/849.3 kB 20.4 MB/s eta 0:00:00
   ━━━━━━━━━━━━━━━━━━━━━━━━━━━━━━━━━━━━━━━━ 168.8/168.8 kB 5.7 MB/s eta 0:00:00
   ━━━━━━━━━━━━━━━━━━━━━━━━━━━━━━━━━━━━━━━━ 849.3/849.3 kB 20.4 MB/s eta 0:00:00
splits: /kaggle/input/datasets/edgaronti26/melanoma-isic2020-splits
splits íntegros: {'train': '701333b2450c363b1ab1b5a9422d3d223d243e1b3af2d643b05f6b86f711968c', 'val': 'b7f727d6cf70d7a12be136e3b7046b42c725eaf5541aadc0723fbac09941ffb1'}
imágenes copiadas al disco local en 5.6 min
33126 imágenes en /tmp/images_512
W&B sin llave (modo offline): Connection error trying to communicate with service.
/usr/bin/python3 scripts/train.py +experiment=m2_convnext_t_384 train.seed=1 data.env=kaggle data.paths.kaggle.images_dir=/tmp/images_512 data.paths.kaggle.splits_dir=/kaggle/input/datasets/edgaronti26/melanoma-isic2020-splits data.paths.kaggle.manifest_path=/kaggle/input/datasets/edgaronti26/melanoma-isic2020-splits/isic2020.csv data.num_workers=4 hydra.run.dir=/kaggle/working/runs/m2-s1-e153979
data:
  root: data
  manifest_path: ${data.root}/manifests/isic2020.csv
  splits_dir: ${data.root}/splits
  image_size: 384
  batch_size: 32
  num_workers: 4
  env: kaggle
  paths:
    local:
      images_dir: ${data.root}/processed/isic2020_512
      manifest_path: ${data.manifest_path}
      splits_dir: ${data.splits_dir}
    kaggle:
      images_dir: /tmp/images_512
      manifest_path: /kaggle/input/datasets/edgaronti26/melanoma-isic2020-splits/isic2020.csv
      splits_dir: /kaggle/input/datasets/edgaronti26/melanoma-isic2020-splits
  augment:
    hflip_p: 0.5
    vflip_p: 0.5
    rotate_limit_deg: 20
    rotate_p: 0.5
    brightness_limit: 0.2
    contrast_limit: 0.2
    brightness_contrast_p: 0.5
    crop_scale:
    - 0.8
    - 1.0
  val_resize: center_crop
  sampler: none
  preprocess_scale: none
  name: isic2020
  raw_dir: ${data.root}/raw/isic2020
  images_zip: ${data.raw_dir}/ISIC_2020_Training_JPEG.zip
  images_dir: ${data.raw_dir}/train
  ground_truth_csv: ${data.raw_dir}/ISIC_2020_Training_GroundTruth_v2.csv
  official_duplicates_csv: ${data.raw_dir}/ISIC_2020_Training_Duplicates.csv
  reports_dir: reports
  figures_dir: ${data.reports_dir}/figures
  test_access_log: logs/test_set_access.log
  source:
    base_url: https://isic-challenge-data.s3.amazonaws.com/2020
    zip_bytes: 24707698022
    zip_etag: 013145107654177e7dd94091fdf27e9c-2946
  expected:
    images: 33126
    positives: 584
    patients: 2056
    prevalence_pct: 1.76
  hashing:
    workers: 12
  phash:
    hash_size: 8
    threshold: 0
    report_max_distance: 16
    decode_size: 256
    contact_sheet_pairs: 20
    thumb_px: 224
    cache: true
    sweep_thresholds:
    - 0
    - 2
    - 4
    - 6
    - 8
    sweep_max_group: 10
    sweep_sample_groups: 10
    sweep_seed: 20260904
  split:
    fractions:
      train: 0.7
      val: 0.15
      test: 0.15
    seed: 20260904
    min_test_positives: 80
    names:
    - train
    - val
    - test
  resize:
    long_side: 512
    jpeg_quality: 95
    out_dir: ${data.root}/processed/isic2020_512
    workers: 12
  verify:
    sample_size: 200
    seed: 20260904
    kaggle_competition_dir: /kaggle/input/competitions/siim-isic-melanoma-classification/jpeg/train
    kaggle_splits_dir: /kaggle/input/datasets/edgaronti26/melanoma-isic2020-splits
model:
  backbone: convnext_tiny.fb_in22k_ft_in1k_384
  pretrained: true
  dropout: 0.2
  num_classes: 1
  freeze_backbone: false
train:
  seed: 1
  max_epochs: 15
  lr: 0.0001
  weight_decay: 0.01
  precision: 16-mixed
  deterministic: true
  accelerator: auto
  devices: 1
  accumulate_grad_batches: 4
  memory_warmup: true
  pos_weight: auto
  scheduler: cosine
  warmup_epochs: 1
  monitor: val/auprc
  monitor_mode: max
  early_stopping_patience: 5
  checkpoint_dir: null
  progress_bar: true
  collapse_std_threshold: 0.01
  collapse_auc_tolerance: 0.02
  eval:
    bootstrap_resamples: 2000
    bootstrap_seed: 20260904
    fixed_levels:
    - 0.9
    - 0.95
    threshold_sensitivity: 0.9
    reliability_bins: 10
  wandb:
    enabled: true
    project: melanoma-triage
    entity: null
    mode: online
experiment: m2

[2026-09-18 18:50:31,975][timm.models._builder][INFO] - Loading pretrained weights from Hugging Face hub (timm/convnext_tiny.fb_in22k_ft_in1k_384)
[2026-09-18 18:50:32,145][httpx][INFO] - HTTP Request: HEAD https://huggingface.co/timm/convnext_tiny.fb_in22k_ft_in1k_384/resolve/main/model.safetensors "HTTP/1.1 302 Found"
data:
  root: data
  manifest_path: ${data.root}/manifests/isic2020.csv
  splits_dir: ${data.root}/splits
  image_size: 384
  batch_size: 32
  num_workers: 4
  env: kaggle
  paths:
    local:
      images_dir: ${data.root}/processed/isic2020_512
      manifest_path: ${data.manifest_path}
      splits_dir: ${data.splits_dir}
    kaggle:
      images_dir: /tmp/images_512
      manifest_path: /kaggle/input/datasets/edgaronti26/melanoma-isic2020-splits/isic2020.csv
      splits_dir: /kaggle/input/datasets/edgaronti26/melanoma-isic2020-splits
  augment:
    hflip_p: 0.5
    vflip_p: 0.5
    rotate_limit_deg: 20
    rotate_p: 0.5
    brightness_limit: 0.2
    contrast_limit: 0.2
    brightness_contrast_p: 0.5
    crop_scale:
    - 0.8
    - 1.0
  val_resize: center_crop
  sampler: none
  preprocess_scale: none
  name: isic2020
  raw_dir: ${data.root}/raw/isic2020
  images_zip: ${data.raw_dir}/ISIC_2020_Training_JPEG.zip
  images_dir: ${data.raw_dir}/train
  ground_truth_csv: ${data.raw_dir}/ISIC_2020_Training_GroundTruth_v2.csv
  official_duplicates_csv: ${data.raw_dir}/ISIC_2020_Training_Duplicates.csv
  reports_dir: reports
  figures_dir: ${data.reports_dir}/figures
  test_access_log: logs/test_set_access.log
  source:
    base_url: https://isic-challenge-data.s3.amazonaws.com/2020
    zip_bytes: 24707698022
    zip_etag: 013145107654177e7dd94091fdf27e9c-2946
  expected:
    images: 33126
    positives: 584
    patients: 2056
    prevalence_pct: 1.76
  hashing:
    workers: 12
  phash:
    hash_size: 8
    threshold: 0
    report_max_distance: 16
    decode_size: 256
    contact_sheet_pairs: 20
    thumb_px: 224
    cache: true
    sweep_thresholds:
    - 0
    - 2
    - 4
    - 6
    - 8
    sweep_max_group: 10
    sweep_sample_groups: 10
    sweep_seed: 20260904
  split:
    fractions:
      train: 0.7
      val: 0.15
      test: 0.15
    seed: 20260904
    min_test_positives: 80
    names:
    - train
    - val
    - test
  resize:
    long_side: 512
    jpeg_quality: 95
    out_dir: ${data.root}/processed/isic2020_512
    workers: 12
  verify:
    sample_size: 200
    seed: 20260904
    kaggle_competition_dir: /kaggle/input/competitions/siim-isic-melanoma-classification/jpeg/train
    kaggle_splits_dir: /kaggle/input/datasets/edgaronti26/melanoma-isic2020-splits
model:
  backbone: convnext_tiny.fb_in22k_ft_in1k_384
  pretrained: true
  dropout: 0.2
  num_classes: 1
  freeze_backbone: false
train:
  seed: 1
  max_epochs: 15
  lr: 0.0001
  weight_decay: 0.01
  precision: 16-mixed
  deterministic: true
  accelerator: auto
  devices: 1
  accumulate_grad_batches: 4
  memory_warmup: true
  pos_weight: auto
  scheduler: cosine
  warmup_epochs: 1
  monitor: val/auprc
  monitor_mode: max
  early_stopping_patience: 5
  checkpoint_dir: null
  progress_bar: true
  collapse_std_threshold: 0.01
  collapse_auc_tolerance: 0.02
  eval:
    bootstrap_resamples: 2000
    bootstrap_seed: 20260904
    fixed_levels:
    - 0.9
    - 0.95
    threshold_sensitivity: 0.9
    reliability_bins: 10
  wandb:
    enabled: true
    project: melanoma-triage
    entity: null
    mode: online
experiment: m2

[2026-09-18 18:50:31,975][timm.models._builder][INFO] - Loading pretrained weights from Hugging Face hub (timm/convnext_tiny.fb_in22k_ft_in1k_384)
[2026-09-18 18:50:32,145][httpx][INFO] - HTTP Request: HEAD https://huggingface.co/timm/convnext_tiny.fb_in22k_ft_in1k_384/resolve/main/model.safetensors "HTTP/1.1 302 Found"
[2026-09-18 18:50:32,257][httpx][INFO] - HTTP Request: GET https://huggingface.co/api/models/timm/convnext_tiny.fb_in22k_ft_in1k_384/xet-read-token/32c741ba106f9e062174ef829354a16719c3dcac "HTTP/1.1 200 OK"
[2026-09-18 18:50:32,257][httpx][INFO] - HTTP Request: GET https://huggingface.co/api/models/timm/convnext_tiny.fb_in22k_ft_in1k_384/xet-read-token/32c741ba106f9e062174ef829354a16719c3dcac "HTTP/1.1 200 OK"
[2026-09-18 18:50:34,707][timm.models._hub][INFO] - [timm/convnext_tiny.fb_in22k_ft_in1k_384] Safe alternative available for 'pytorch_model.bin' (as 'model.safetensors'). Loading weights using safetensors.
[2026-09-18 18:50:34,751][melanoma.train.run][INFO] - data_config del backbone: {'input_size': (3, 384, 384), 'interpolation': 'bicubic', 'mean': (0.485, 0.456, 0.406), 'std': (0.229, 0.224, 0.225), 'crop_pct': 1.0, 'crop_mode': 'squash'}
[2026-09-18 18:50:34,707][timm.models._hub][INFO] - [timm/convnext_tiny.fb_in22k_ft_in1k_384] Safe alternative available for 'pytorch_model.bin' (as 'model.safetensors'). Loading weights using safetensors.
[2026-09-18 18:50:34,751][melanoma.train.run][INFO] - data_config del backbone: {'input_size': (3, 384, 384), 'interpolation': 'bicubic', 'mean': (0.485, 0.456, 0.406), 'std': (0.229, 0.224, 0.225), 'crop_pct': 1.0, 'crop_mode': 'squash'}
[2026-09-18 18:50:35,213][melanoma.train.run][INFO] - corrida convnext_tiny-384-s1-e153979: train 22501 neg / 410 pos, pos_weight=54.88, sampler=none
[2026-09-18 18:50:35,213][melanoma.train.run][INFO] - corrida convnext_tiny-384-s1-e153979: train 22501 neg / 410 pos, pos_weight=54.88, sampler=none
[2026-09-18 18:50:51,338][melanoma.train.run][INFO] - calentamiento OK: lote 32 × 384 px, pico 5.71 GB de 14.56 GB (Tesla T4)
[GPU] calentamiento OK: lote 32 × 384 px, pico 5.71 GB de 14.56 GB (Tesla T4)
[2026-09-18 18:50:51,487][melanoma.train.run][WARNING] - WANDB_API_KEY no está definida; W&B corre en modo offline
Using 16bit Automatic Mixed Precision (AMP)
GPU available: True (cuda), used: True
TPU available: False, using: 0 TPU cores
[2026-09-18 18:50:51,338][melanoma.train.run][INFO] - calentamiento OK: lote 32 × 384 px, pico 5.71 GB de 14.56 GB (Tesla T4)
[GPU] calentamiento OK: lote 32 × 384 px, pico 5.71 GB de 14.56 GB (Tesla T4)
[2026-09-18 18:50:51,487][melanoma.train.run][WARNING] - WANDB_API_KEY no está definida; W&B corre en modo offline
💡 Tip: For seamless cloud logging and experiment tracking, try installing [litlogger](https://pypi.org/project/litlogger/) to enable LitLogger, which logs metrics and artifacts automatically to the Lightning Experiments platform.
wandb: WARNING The anonymous setting has no effect and will be removed in a future version.
Using 16bit Automatic Mixed Precision (AMP)
GPU available: True (cuda), used: True
TPU available: False, using: 0 TPU cores
💡 Tip: For seamless cloud logging and experiment tracking, try installing [litlogger](https://pypi.org/project/litlogger/) to enable LitLogger, which logs metrics and artifacts automatically to the Lightning Experiments platform.
wandb: WARNING The anonymous setting has no effect and will be removed in a future version.

Using 16bit Automatic Mixed Precision (AMP)
GPU available: True (cuda), used: True
TPU available: False, using: 0 TPU cores
💡 Tip: For seamless cloud logging and experiment tracking, try installing [litlogger](https://pypi.org/project/litlogger/) to enable LitLogger, which logs metrics and artifacts automatically to the Lightning Experiments platform.
wandb: WARNING The anonymous setting has no effect and will be removed in a future version.
wandb: WARNING `resume` will be ignored since W&B syncing is set to `offline`. Starting a new run with run id wauurvmv.
wandb: Tracking run with wandb version 0.26.1
wandb: W&B syncing is set to `offline` in this directory. Run `wandb online` or set WANDB_MODE=online to enable cloud syncing.
wandb: Run data is saved locally in /kaggle/working/runs/m2-s1-e153979/wandb/offline-run-20260918_185051-wauurvmv
wandb: WARNING `resume` will be ignored since W&B syncing is set to `offline`. Starting a new run with run id wauurvmv.
wandb: Tracking run with wandb version 0.26.1
wandb: W&B syncing is set to `offline` in this directory. Run `wandb online` or set WANDB_MODE=online to enable cloud syncing.
wandb: Run data is saved locally in /kaggle/working/runs/m2-s1-e153979/wandb/offline-run-20260918_185051-wauurvmv

wandb: WARNING `resume` will be ignored since W&B syncing is set to `offline`. Starting a new run with run id wauurvmv.
wandb: Tracking run with wandb version 0.26.1
wandb: W&B syncing is set to `offline` in this directory. Run `wandb online` or set WANDB_MODE=online to enable cloud syncing.
wandb: Run data is saved locally in /kaggle/working/runs/m2-s1-e153979/wandb/offline-run-20260918_185051-wauurvmv
LOCAL_RANK: 0 - CUDA_VISIBLE_DEVICES: [0,1]
Loading `train_dataloader` to estimate number of stepping batches.
/usr/local/lib/python3.12/dist-packages/lightning/pytorch/utilities/_pytree.py:21: `isinstance(treespec, LeafSpec)` is deprecated, use `isinstance(treespec, TreeSpec) and treespec.is_leaf()` instead.
/usr/local/lib/python3.12/dist-packages/lightning/pytorch/utilities/model_summary/model_summary.py:242: Precision 16-mixed is not supported by the model summary.  Estimated model size in MB will not be accurate. Using 32 bits instead.
┏━━━┳━━━━━━━━━━━┳━━━━━━━━━━━━━━━━━━━━━━━━┳━━━━━━━━┳━━━━━━━┳━━━━━━━┓
┃   ┃ Name      ┃ Type                   ┃ Params ┃ Mode  ┃ FLOPs ┃
┡━━━╇━━━━━━━━━━━╇━━━━━━━━━━━━━━━━━━━━━━━━╇━━━━━━━━╇━━━━━━━╇━━━━━━━┩
│ 0 │ model     │ BackboneClassifier     │ 27.8 M │ train │     0 │
│ 1 │ criterion │ BCEWithLogitsLoss      │      0 │ train │     0 │
│ 2 │ val_auroc │ BinaryAUROC            │      0 │ train │     0 │
│ 3 │ val_auprc │ BinaryAveragePrecision │      0 │ train │     0 │
└───┴───────────┴────────────────────────┴────────┴───────┴───────┘
LOCAL_RANK: 0 - CUDA_VISIBLE_DEVICES: [0,1]
Loading `train_dataloader` to estimate number of stepping batches.
/usr/local/lib/python3.12/dist-packages/lightning/pytorch/utilities/_pytree.py:21: `isinstance(treespec, LeafSpec)` is deprecated, use `isinstance(treespec, TreeSpec) and treespec.is_leaf()` instead.
/usr/local/lib/python3.12/dist-packages/lightning/pytorch/utilities/model_summary/model_summary.py:242: Precision 16-mixed is not supported by the model summary.  Estimated model size in MB will not be accurate. Using 32 bits instead.

LOCAL_RANK: 0 - CUDA_VISIBLE_DEVICES: [0,1]
Loading `train_dataloader` to estimate number of stepping batches.
/usr/local/lib/python3.12/dist-packages/lightning/pytorch/utilities/_pytree.py:21: `isinstance(treespec, LeafSpec)` is deprecated, use `isinstance(treespec, TreeSpec) and treespec.is_leaf()` instead.
/usr/local/lib/python3.12/dist-packages/lightning/pytorch/utilities/model_summary/model_summary.py:242: Precision 16-mixed is not supported by the model summary.  Estimated model size in MB will not be accurate. Using 32 bits instead.
Trainable params: 27.8 M                                                        
Non-trainable params: 0                                                         
Total params: 27.8 M                                                            
Total estimated model params size (MB): 111.284                                 
Modules in train mode: 256                                                      
Modules in eval mode: 0                                                         
Total FLOPs: 0                                                                  
┏━━━┳━━━━━━━━━━━┳━━━━━━━━━━━━━━━━━━━━━━━━┳━━━━━━━━┳━━━━━━━┳━━━━━━━┓
┃   ┃ Name      ┃ Type                   ┃ Params ┃ Mode  ┃ FLOPs ┃
┡━━━╇━━━━━━━━━━━╇━━━━━━━━━━━━━━━━━━━━━━━━╇━━━━━━━━╇━━━━━━━╇━━━━━━━┩
│ 0 │ model     │ BackboneClassifier     │ 27.8 M │ train │     0 │
│ 1 │ criterion │ BCEWithLogitsLoss      │      0 │ train │     0 │
│ 2 │ val_auroc │ BinaryAUROC            │      0 │ train │     0 │
│ 3 │ val_auprc │ BinaryAveragePrecision │      0 │ train │     0 │
└───┴───────────┴────────────────────────┴────────┴───────┴───────┘
Trainable params: 27.8 M                                                        
Non-trainable params: 0                                                         
Total params: 27.8 M                                                            
Total estimated model params size (MB): 111.284                                 
Modules in train mode: 256                                                      
Modules in eval mode: 0                                                         
Total FLOPs: 0                                                                  
/usr/local/lib/python3.12/dist-packages/torchmetrics/utilities/prints.py:43: UserWarning: No positive samples in targets, true positive value should be meaningless. Returning zero tensor in true positive score
  warnings.warn(*args, **kwargs)
/usr/local/lib/python3.12/dist-packages/torchmetrics/utilities/prints.py:43: UserWarning: No positive samples found in target, recall is undefined. Setting recall to one for all thresholds.
  warnings.warn(*args, **kwargs)
/usr/local/lib/python3.12/dist-packages/torchmetrics/utilities/prints.py:43: UserWarning: No positive samples in targets, true positive value should be meaningless. Returning zero tensor in true positive score
  warnings.warn(*args, **kwargs)
/usr/local/lib/python3.12/dist-packages/torchmetrics/utilities/prints.py:43: UserWarning: No positive samples found in target, recall is undefined. Setting recall to one for all thresholds.
  warnings.warn(*args, **kwargs)

/usr/local/lib/python3.12/dist-packages/torchmetrics/utilities/prints.py:43: UserWarning: No positive samples in targets, true positive value should be meaningless. Returning zero tensor in true positive score
  warnings.warn(*args, **kwargs)
/usr/local/lib/python3.12/dist-packages/torchmetrics/utilities/prints.py:43: UserWarning: No positive samples found in target, recall is undefined. Setting recall to one for all thresholds.
  warnings.warn(*args, **kwargs)
/usr/local/lib/python3.12/dist-packages/lightning/pytorch/core/module.py:1333: Detected call of `lr_scheduler.step()` before `optimizer.step()`. In PyTorch 1.1.0 and later, you should call them in the opposite order: `optimizer.step()` before `lr_scheduler.step()`.  Failure to do this will result in PyTorch skipping the first value of the learning rate schedule. See more details at https://pytorch.org/docs/stable/optim.html#how-to-adjust-learning-rate
/usr/local/lib/python3.12/dist-packages/lightning/pytorch/core/module.py:1333: Detected call of `lr_scheduler.step()` before `optimizer.step()`. In PyTorch 1.1.0 and later, you should call them in the opposite order: `optimizer.step()` before `lr_scheduler.step()`.  Failure to do this will result in PyTorch skipping the first value of the learning rate schedule. See more details at https://pytorch.org/docs/stable/optim.html#how-to-adjust-learning-rate

/usr/local/lib/python3.12/dist-packages/lightning/pytorch/core/module.py:1333: Detected call of `lr_scheduler.step()` before `optimizer.step()`. In PyTorch 1.1.0 and later, you should call them in the opposite order: `optimizer.step()` before `lr_scheduler.step()`.  Failure to do this will result in PyTorch skipping the first value of the learning rate schedule. See more details at https://pytorch.org/docs/stable/optim.html#how-to-adjust-learning-rate
[2026-09-18 18:57:19,781][melanoma.train.callbacks][INFO] - época 0: 6.4 min, espera de datos 45 %, GPU 98 %

[E/S] época 0: 6.4 min, espera de datos 45 %, GPU 98 %
Metric val/auprc improved. New best score: 0.062
[2026-09-18 18:57:19,781][melanoma.train.callbacks][INFO] - época 0: 6.4 min, espera de datos 45 %, GPU 98 %

[E/S] época 0: 6.4 min, espera de datos 45 %, GPU 98 %
Metric val/auprc improved. New best score: 0.062

Metric val/auprc improved. New best score: 0.062
[2026-09-18 19:03:39,299][melanoma.train.callbacks][INFO] - época 1: 6.3 min, espera de datos 46 %, GPU 98 %

[E/S] época 1: 6.3 min, espera de datos 46 %, GPU 98 %
[2026-09-18 19:03:39,299][melanoma.train.callbacks][INFO] - época 1: 6.3 min, espera de datos 46 %, GPU 98 %

[E/S] época 1: 6.3 min, espera de datos 46 %, GPU 98 %
[2026-09-18 19:09:56,696][melanoma.train.callbacks][INFO] - época 2: 6.3 min, espera de datos 46 %, GPU 98 %

[E/S] época 2: 6.3 min, espera de datos 46 %, GPU 98 %
[2026-09-18 19:09:56,696][melanoma.train.callbacks][INFO] - época 2: 6.3 min, espera de datos 46 %, GPU 98 %

[E/S] época 2: 6.3 min, espera de datos 46 %, GPU 98 %
[2026-09-18 19:16:12,750][melanoma.train.callbacks][INFO] - época 3: 6.3 min, espera de datos 46 %, GPU 98 %

[E/S] época 3: 6.3 min, espera de datos 46 %, GPU 98 %
Metric val/auprc improved by 0.044 >= min_delta = 0.0. New best score: 0.105
[2026-09-18 19:16:12,750][melanoma.train.callbacks][INFO] - época 3: 6.3 min, espera de datos 46 %, GPU 98 %

[E/S] época 3: 6.3 min, espera de datos 46 %, GPU 98 %
Metric val/auprc improved by 0.044 >= min_delta = 0.0. New best score: 0.105

Metric val/auprc improved by 0.044 >= min_delta = 0.0. New best score: 0.105
[2026-09-18 19:22:30,589][melanoma.train.callbacks][INFO] - época 4: 6.3 min, espera de datos 46 %, GPU 99 %

[E/S] época 4: 6.3 min, espera de datos 46 %, GPU 99 %
[2026-09-18 19:22:30,589][melanoma.train.callbacks][INFO] - época 4: 6.3 min, espera de datos 46 %, GPU 99 %

[E/S] época 4: 6.3 min, espera de datos 46 %, GPU 99 %
[2026-09-18 19:28:45,262][melanoma.train.callbacks][INFO] - época 5: 6.2 min, espera de datos 46 %, GPU 98 %

[E/S] época 5: 6.2 min, espera de datos 46 %, GPU 98 %
[2026-09-18 19:28:45,262][melanoma.train.callbacks][INFO] - época 5: 6.2 min, espera de datos 46 %, GPU 98 %

[E/S] época 5: 6.2 min, espera de datos 46 %, GPU 98 %
[2026-09-18 19:34:58,172][melanoma.train.callbacks][INFO] - época 6: 6.2 min, espera de datos 46 %, GPU 98 %

[E/S] época 6: 6.2 min, espera de datos 46 %, GPU 98 %
[2026-09-18 19:34:58,172][melanoma.train.callbacks][INFO] - época 6: 6.2 min, espera de datos 46 %, GPU 98 %

[E/S] época 6: 6.2 min, espera de datos 46 %, GPU 98 %
[2026-09-18 19:41:10,423][melanoma.train.callbacks][INFO] - época 7: 6.2 min, espera de datos 46 %, GPU 98 %

[E/S] época 7: 6.2 min, espera de datos 46 %, GPU 98 %
Metric val/auprc improved by 0.008 >= min_delta = 0.0. New best score: 0.113
[2026-09-18 19:41:10,423][melanoma.train.callbacks][INFO] - época 7: 6.2 min, espera de datos 46 %, GPU 98 %

[E/S] época 7: 6.2 min, espera de datos 46 %, GPU 98 %
Metric val/auprc improved by 0.008 >= min_delta = 0.0. New best score: 0.113

Metric val/auprc improved by 0.008 >= min_delta = 0.0. New best score: 0.113
[2026-09-18 19:47:21,403][melanoma.train.callbacks][INFO] - época 8: 6.2 min, espera de datos 46 %, GPU 99 %

[E/S] época 8: 6.2 min, espera de datos 46 %, GPU 99 %
[2026-09-18 19:47:21,403][melanoma.train.callbacks][INFO] - época 8: 6.2 min, espera de datos 46 %, GPU 99 %

[E/S] época 8: 6.2 min, espera de datos 46 %, GPU 99 %
[2026-09-18 19:53:30,952][melanoma.train.callbacks][INFO] - época 9: 6.2 min, espera de datos 46 %, GPU 99 %

[E/S] época 9: 6.2 min, espera de datos 46 %, GPU 99 %
Metric val/auprc improved by 0.023 >= min_delta = 0.0. New best score: 0.136
[2026-09-18 19:53:30,952][melanoma.train.callbacks][INFO] - época 9: 6.2 min, espera de datos 46 %, GPU 99 %

[E/S] época 9: 6.2 min, espera de datos 46 %, GPU 99 %
Metric val/auprc improved by 0.023 >= min_delta = 0.0. New best score: 0.136

Metric val/auprc improved by 0.023 >= min_delta = 0.0. New best score: 0.136
[2026-09-18 19:59:39,188][melanoma.train.callbacks][INFO] - época 10: 6.1 min, espera de datos 46 %, GPU 99 %

[E/S] época 10: 6.1 min, espera de datos 46 %, GPU 99 %
Metric val/auprc improved by 0.011 >= min_delta = 0.0. New best score: 0.147
[2026-09-18 19:59:39,188][melanoma.train.callbacks][INFO] - época 10: 6.1 min, espera de datos 46 %, GPU 99 %

[E/S] época 10: 6.1 min, espera de datos 46 %, GPU 99 %
Metric val/auprc improved by 0.011 >= min_delta = 0.0. New best score: 0.147

Metric val/auprc improved by 0.011 >= min_delta = 0.0. New best score: 0.147
[2026-09-18 20:05:47,259][melanoma.train.callbacks][INFO] - época 11: 6.1 min, espera de datos 46 %, GPU 98 %

[E/S] época 11: 6.1 min, espera de datos 46 %, GPU 98 %
[2026-09-18 20:05:47,259][melanoma.train.callbacks][INFO] - época 11: 6.1 min, espera de datos 46 %, GPU 98 %

[E/S] época 11: 6.1 min, espera de datos 46 %, GPU 98 %
[2026-09-18 20:11:55,558][melanoma.train.callbacks][INFO] - época 12: 6.1 min, espera de datos 46 %, GPU 98 %

[E/S] época 12: 6.1 min, espera de datos 46 %, GPU 98 %
Metric val/auprc improved by 0.000 >= min_delta = 0.0. New best score: 0.148
[2026-09-18 20:11:55,558][melanoma.train.callbacks][INFO] - época 12: 6.1 min, espera de datos 46 %, GPU 98 %

[E/S] época 12: 6.1 min, espera de datos 46 %, GPU 98 %
Metric val/auprc improved by 0.000 >= min_delta = 0.0. New best score: 0.148

Metric val/auprc improved by 0.000 >= min_delta = 0.0. New best score: 0.148
[2026-09-18 20:18:04,751][melanoma.train.callbacks][INFO] - época 13: 6.1 min, espera de datos 46 %, GPU 99 %

[E/S] época 13: 6.1 min, espera de datos 46 %, GPU 99 %
[2026-09-18 20:18:04,751][melanoma.train.callbacks][INFO] - época 13: 6.1 min, espera de datos 46 %, GPU 99 %

[E/S] época 13: 6.1 min, espera de datos 46 %, GPU 99 %
[2026-09-18 20:24:11,938][melanoma.train.callbacks][INFO] - época 14: 6.1 min, espera de datos 46 %, GPU 99 %

[E/S] época 14: 6.1 min, espera de datos 46 %, GPU 99 %
`Trainer.fit` stopped: `max_epochs=15` reached.
[2026-09-18 20:24:11,938][melanoma.train.callbacks][INFO] - época 14: 6.1 min, espera de datos 46 %, GPU 99 %

[E/S] época 14: 6.1 min, espera de datos 46 %, GPU 99 %
`Trainer.fit` stopped: `max_epochs=15` reached.

`Trainer.fit` stopped: `max_epochs=15` reached.
Epoch 14/14 ━━━━━━━━━━━━━━━━ 716/716 0:05:39 •        2.10it/s v_num: rvmv      
                                     0:00:00                   train/loss_step: 
                                                               0.022 val/auroc: 
                                                               0.829 val/auprc: 
                                                               0.147            
                                                               train/loss_epoch:
                                                               0.083            
Epoch 14/14 ━━━━━━━━━━━━━━━━ 716/716 0:05:39 •        2.10it/s v_num: rvmv      
                                     0:00:00                   train/loss_step: 
                                                               0.022 val/auroc: 
                                                               0.829 val/auprc: 
                                                               0.147            
                                                               train/loss_epoch:
                                                               0.083            
LOCAL_RANK: 0 - CUDA_VISIBLE_DEVICES: [0,1]
LOCAL_RANK: 0 - CUDA_VISIBLE_DEVICES: [0,1]

LOCAL_RANK: 0 - CUDA_VISIBLE_DEVICES: [0,1]
Predicting ━━━━━━━━━━━━━━━━━━━━━━━━━━━━━━━━ 156/156 0:00:27 • 0:00:00 5.76it/s 
Predicting ━━━━━━━━━━━━━━━━━━━━━━━━━━━━━━━━ 156/156 0:00:27 • 0:00:00 5.76it/s 

convnext_tiny-384-s1-e153979: AUROC 0.8316  AUPRC 0.1477  (prevalencia 0.0177)  épocas 15  colapsos []
→ /kaggle/working/runs/m2-s1-e153979
[1;34mwandb[0m: 
[1;34mwandb[0m: You can sync this run to the cloud by running:
[1;34mwandb[0m: [1mwandb sync /kaggle/working/runs/m2-s1-e153979/wandb/offline-run-20260918_185051-wauurvmv[0m
[1;34mwandb[0m: Find logs at: [1;35m../runs/m2-s1-e153979/wandb/offline-run-20260918_185051-wauurvmv/logs[0m

convnext_tiny-384-s1-e153979: AUROC 0.8316  AUPRC 0.1477  (prevalencia 0.0177)  épocas 15  colapsos []
→ /kaggle/working/runs/m2-s1-e153979
[1;34mwandb[0m: 
[1;34mwandb[0m: You can sync this run to the cloud by running:
[1;34mwandb[0m: [1mwandb sync /kaggle/working/runs/m2-s1-e153979/wandb/offline-run-20260918_185051-wauurvmv[0m
[1;34mwandb[0m: Find logs at: [1;35m../runs/m2-s1-e153979/wandb/offline-run-20260918_185051-wauurvmv/logs[0m
{
  "run_name": "convnext_tiny-384-s1-e153979",
  "best_checkpoint": "/kaggle/working/runs/m2-s1-e153979/checkpoints/convnext_tiny-384-s1-e153979-12-0.0000.ckpt",
  "epochs_run": 15,
  "collapse_epochs": []
}
{
  "n_images": 4963,
  "n_positives": 88,
  "n_patients": 568,
  "prevalence": 0.017731210961112232,
  "auprc_random": 0.017731210961112232,
  "auroc": 0.8315664335664334,
  "auprc": 0.14772447236286676,
  "threshold_policy": "sensibilidad>=0.9",
  "confusion": {
    "threshold": 0.0017140384297817945,
    "tn": 2444,
    "fp": 2431,
    "fn": 8,
    "tp": 80,
    "sensitivity": 0.9090909090909091,
    "specificity": 0.5013333333333333,
    "ppv": 0.03185981680605336,
    "npv": 0.9967373572593801
  },
  "sens_at_spec090": 0.5113636363636364,
  "spec_at_sens090": 0.5013333333333334,
  "sens_at_spec095": 0.4090909090909091,
  "spec_at_sens095": 0.3275897435897436
}
# convnext_tiny-384-s1-e153979

commit `e153979` · splits {'train': '701333b2450c363b1ab1b5a9422d3d223d243e1b3af2d643b05f6b86f711968c', 'val': 'b7f727d6cf70d7a12be136e3b7046b42c725eaf5541aadc0723fbac09941ffb1'}

| métrica | valor | IC 95 % (bootstrap por paciente) |
|:--|--:|:--|
| AUC-ROC | 0.832 | [0.786, 0.874] |
| AUPRC (primaria) | 0.148 | [0.091, 0.232] |
| Sensibilidad a especificidad 0.90 | 0.511 | [0.407, 0.643] |
| Sensibilidad a especificidad 0.95 | 0.409 | [0.289, 0.521] |
| Especificidad a sensibilidad 0.90 | 0.501 | [0.330, 0.633] |
| Especificidad a sensibilidad 0.95 | 0.328 | [0.194, 0.532] |
| Prevalencia (AUPRC de un clasificador aleatorio) | 0.0177 | |

Umbral: 0.0017 (política: sensibilidad>=0.9; la selección definitiva de umbral es de F4).

| | pred. benigno | pred. melanoma |
|:--|--:|--:|
| real benigno | 2444 | 2431 |
| real melanoma | 8 | 80 |

| métrica en el umbral | valor |
|:--|--:|
| Sensibilidad | 0.909 |
| Especificidad | 0.501 |
| VPP a la prevalencia observada (0.0177) | 0.032 |
| VPN a la prevalencia observada | 0.997 |

/usr/local/lib/python3.12/dist-packages/mistune.py:435: SyntaxWarning: invalid escape sequence '\|'
  cells[i][c] = re.sub('\\\\\|', '|', cell)
/usr/local/lib/python3.12/dist-packages/nbconvert/filters/filter_links.py:36: SyntaxWarning: invalid escape sequence '\_'
  text = re.sub(r'_', '\_', text) # Escape underscores in display text
[NbConvertApp] Converting notebook __notebook__.ipynb to notebook
[NbConvertApp] Writing 34333 bytes to __notebook__.ipynb
[NbConvertApp] Converting notebook __notebook__.ipynb to html
[NbConvertApp] Writing 318891 bytes to __results__.html
